001100
001100
000000
011110
000000
011000
001000
001000